// Jest Snapshot v1, https://goo.gl/fbAQLP

exports[`App Component should have hello world message 1`] = `
<div>
  <h1>
    Hello World
  </h1>
  <div>
    <h2>
      Review Section
    </h2>
    <h3>
      These are hard coded reviews.
    </h3>
    <div>
      <ul>
        <li>
          Comfortable and practical.
        </li>
        <li>
          They are very dark. But that's good because I'm in very sunny spots
        </li>
      </ul>
    </div>
  </div>
</div>
`;
